// Jest Snapshot v1, https://goo.gl/fbAQLP

exports[`changes navbar item style when item clicked 1`] = `
<div
  className="root"
>
  <div
    className="logo"
  >
    <div
      className="logo_icon"
    />
    <div
      className="logo_text"
    >
      K
      <span
        className="logo_text_small"
      >
        EVIN
      </span>
      Â  S
      <span
        className="logo_text_small"
      >
        UEN
      </span>
    </div>
  </div>
  <div
    className="navbar"
  >
    <div
      className="navbar_item "
      onClick={[Function]}
    >
      ABOUT
    </div>
    <div
      className="navbar_item "
      onClick={[Function]}
    >
      SKILLS
    </div>
    <div
      className="navbar_item "
      onClick={[Function]}
    >
      EXPERIENCE
    </div>
    <div
      className="navbar_item "
      onClick={[Function]}
    >
      EDUCATION
    </div>
  </div>
</div>
`;
